
*******************************
********** Parsed file ********
*******************************
exception E of (int * int) [@@gospel
                              function integer_of_int (x:int): integer ]
[@@gospel  function fst (x: 'a * 'a): 'a ]
val f : 'a -> 'a[@@gospel
                   x = f y
    raises E (x,y,z) -> integer_of_int x = 1 ]

*******************************
****** GOSPEL translation *****
*******************************
(*@ open Gospelstdlib *)

exception E of (int * int) 

(*@ function integer_of_int ... *)

(*@ function fst ... *)

val f : 'a -> 'a
(*@ x = f y
    with ...
     *)
File "t31.mli", line 18, characters 13-20:
Error: This pattern has type int * int but is expected to have type (
@189@, @190@, @191@) tuple3
