
*******************************
********** Parsed file ********
*******************************
[@@@gospel  axiom a1: true ]
[@@@gospel  axiom a2: 1 = 0 ]
[@@@gospel  function f1 (x:int) : int ]
[@@@gospel  function f2 (x:int) : int = x ]
[@@@gospel  function f (x:integer): bool = x = 2 ]
[@@@gospel  function f (x:integer): bool = true ]
[@@@gospel  function f (x:bool): bool = x ]
[@@@gospel  predicate pred (x:bool) = x ]
[@@@gospel
   function p (x:integer):integer = x
  requires x = 1
  variant x
  ensures x = 2
  ensures x > 2
  ensures x > 1
]
[@@@gospel  function rec f (x:bool): bool = f x ]
[@@@gospel  function rec f (x: bool) (y: int): bool = f x y ]
[@@@gospel
   function g (a: int): integer =
      if (f true a) then 1 else 2 ]
[@@@gospel  function int_of_integer (x:integer): int ]
[@@@gospel
   function h (a:int) (b:bool) (c:'a): bool =
      if a = int_of_integer 2
      then f b (int_of_integer 3)
      else g (int_of_integer 4) = 5
 ]
[@@@gospel
   function h (a:int) (b:bool) (c:'a): bool =
      if a = int_of_integer 2
      then f (pred b) (int_of_integer 3)
      else g (int_of_integer 4) = 5
 ]
[@@@gospel  function h (b:bool): bool = pred b ]
[@@@gospel  function h: bool = [@ athing]true ]
[@@@gospel  function to_integer (i: int): integer ]
[@@@gospel
   function i (a:int): int =
      int_of_integer (to_integer a + 1) ]
[@@@gospel
   function i (a:int):int =
      int_of_integer (to_integer a + 1)
    requires to_integer a > 0
    ensures let old_a [@ athing] = to_integer (old a) in
            to_integer a = old_a + 1]
type 'a t1 =
  | C of 'a * int [@@gospel
                     function i (a:'a t1): int =
      match a with
      | C (_,y) -> y
      ]
type 'a t2 =
  | C2 of 'a 
  | C3 of bool 
  | C4 of int * 'a [@@gospel  function gnr: 'a ][@@gospel
                                                   function g (x y:'a) (i: int): 'a ]
[@@gospel
   function f (x: 'a t2): 'a =
    match x with
    | C2 x -> x        (* TODO it does not give the right result if x is replaced by true *)
    | C3 b -> gnr
    | C4 (i,x) -> g x x i ]
[@@gospel  axiom ax1: forall x y. y = f x ]
val f : int -> int -> int[@@gospel
                            r = f x y
    requires x > 0
    requires y + 2 < 0
    ensures r = x + y ]
type 'a t3 =
  | A [@@gospel  function f (x: int) : int t3 = A ][@@gospel
                                                      function integer_of_int (x:int) : integer ]
type t4 =
  | A 
  | B 
type 'a t5 = {
  x: int ;
  y: 'a }
type 'a t6 = {
  xx: 'a ;
  yy: int }[@@gospel
              function g (a: t4) (b: t4 t5) : t4 t6 =
  match b with
  | {x; y = A} -> {xx=B;yy=x}
  | {y = B; x} -> {yy=int_of_integer 10; xx = b.y }
 ]
[@@gospel
   function g (a: t4) (b: t4 t5) : t4 t6 =
  match b with
  | {x; y} -> {xx=y;yy=x}
  | {y = B; x} -> {yy=int_of_integer 10; xx = b.y }
 ]

*******************************
****** GOSPEL translation *****
*******************************
(*@ open Gospelstdlib *)

(*@ axiom ... *)

(*@ axiom ... *)

(*@ function f1 ... *)

(*@ function f2 ... *)

(*@ function f ... *)

(*@ function f ... *)

(*@ function f ... *)

(*@ predicate pred ... *)

(*@ function p ...
    variant ...
    requires ...
    ensures ...
    ensures ...
    ensures ...
     *)

(*@ function rec f ... *)

(*@ function rec f ... *)

(*@ function g ... *)

(*@ function int_of_integer ... *)

(*@ function h ... *)

(*@ function h ... *)

(*@ function h ... *)

(*@ function h ... *)

(*@ function to_integer ... *)

(*@ function i ... *)

(*@ function i ...
    requires ...
    ensures ...
     *)

type 'a t1 =
| C of 'a * int 
  

(*@ function i ... *)

type 'a t2 =
| C2 of 'a 
| C3 of bool 
| C4 of int * 'a 
  

(*@ function gnr ... *)

(*@ function g ... *)

(*@ function f ... *)

(*@ axiom ... *)

val f : int -> int -> int
(*@ r = f x y
    requires ...
    requires ...
    ensures ...
     *)

type 'a t3 =
| A 
  

(*@ function f ... *)

(*@ function integer_of_int ... *)

type t4 =
| A 
| B 
  

type 'a t5 = {
x: int ;
y: 'a }
  

type 'a t6 = {
xx: 'a ;
yy: int }
  

(*@ function g ... *)

(*@ function g ... *)

*******************************
********* Typed GOSPEL ********
*******************************
module basic_functions_axioms.mli

  Namespace: basic_functions_axioms.mli
    Type symbols
      ('a) t1
      ('a) t2
      ('a) t3
       t4
      ('a) t5
      ('a) t6
      
    Logic Symbols
      function A  : t4
      function B  : t4
      function C (_:'a * int) : 'a t1
      function C2 (_:'a) : 'a t2
      function C3 (_:bool) : 'a t2
      function C4 (_:int * 'a) : 'a t2
      function constr#t5 (_:int) (_:'a) : 'a t5
      function constr#t6 (_:'a) (_:int) : 'a t6
      function f (_:int) : int t3
      function f1 (_:int) : int
      function f2 (_:int) : int
      function g (_:t4) (_:t4 t5) : t4 t6
      function gnr  : 'a
      function h  : bool
      function i (_:'a t1) : int
      function int_of_integer (_:integer) : int
      function integer_of_int (_:int) : integer
      function p (_:integer) : integer
      predicate pred (_:bool)
      function to_integer (_:int) : integer
      function x (_:'a t5) : int
      function xx (_:'a t6) : 'a
      function y (_:'a t5) : 'a
      function yy (_:'a t6) : int
      
    Exception Symbols
      
    Namespaces
      
    Type Namespaces
      
  Signatures
    (*@ open Gospelstdlib *)
    
    (*@ axiom a1: true:prop *)
    
    (*@ axiom a2: (1:integer = 0:integer):prop *)
    
    (*@ function f1 (x_1:int): int *)
    
    (*@ function f2 (x_2:int): int =
        x_2:int *)
    
    (*@ function f_1 (x_3:integer): bool =
        if (x_3:integer = 2:integer):prop then (True ):bool else (False ):
        bool
    *)
    
    (*@ function f_2 (x_4:integer): bool =
        (True ):bool *)
    
    (*@ function f_3 (x_5:bool): bool =
        x_5:bool *)
    
    (*@ predicate pred (x_6:bool) =
        (x_6:bool = (True ):bool):prop *)
    
    (*@ function p (x_7:integer): integer =
        x_7:integer
        variant x_7:integer
        requires (x_7:integer = 1:integer):prop
        ensures (x_7:integer = 2:integer):prop
                ensures (x_7:integer > 2:integer):prop
                ensures (x_7:integer > 1:integer):prop
    *)
    
    (*@ function rec f_4 (x_8:bool): bool =
        (f_4  x_8:bool):bool *)
    
    (*@ function rec f_5 (x_9:bool) (y_1:int): bool =
        (f_5  x_9:bool y_1:int):bool
    *)
    
    (*@ function g_1 (a_1:int): integer =
        if ((f_5 
        (True ):bool a_1:int):bool = (True ):bool):prop then 1:integer else 2:
        integer
    *)
    
    (*@ function int_of_integer (x_10:integer): int *)
    
    (*@ function h_1 (a_2:int) (b:bool) (c:'a): bool =
        if (a_2:int = (int_of_integer  2:integer):int):prop then (f_5 
        b:bool (int_of_integer  3:integer):int):bool else if ((g_1 
        (int_of_integer  4:integer):int):integer = 5:integer):prop then (True ):
        bool else (False ):bool
    *)
    
    (*@ function h_2 (a_3:int) (b_1:bool) (c_1:'a): bool =
        if (a_3:int = (int_of_integer  2:integer):int):prop then (f_5 
        if (pred  b_1:bool):prop then (True ):bool else (False ):bool
        (int_of_integer  3:integer):int):bool else if ((g_1 
        (int_of_integer  4:integer):int):integer = 5:integer):prop then (True ):
        bool else (False ):bool
    *)
    
    (*@ function h_3 (b_2:bool): bool =
        if (pred  b_2:bool):prop then (True ):bool else (False ):bool
    *)
    
    (*@ function h : bool =
        [@ athing](True ):bool *)
    
    (*@ function to_integer (i_1:int): integer *)
    
    (*@ function i_2 (a_4:int): int =
        (int_of_integer 
        ((to_integer  a_4:int):integer + 1:integer):integer):int
    *)
    
    (*@ function i_3 (a_5:int): int =
        (int_of_integer 
        ((to_integer  a_5:int):integer + 1:integer):integer):int
        requires ((to_integer  a_5:int):integer > 0:integer):prop
        ensures let old_a[@athing]:integer = (to_integer 
                old (a_5:int)):integer in ((to_integer 
                a_5:int):integer = (old_a[@athing]:integer + 1:integer):
                integer):prop
    *)
    
    type 'a t1 = C of 'a * int
                 function C (_:'a * int) : 'a t1
         
    
    (*@ function i (a_6:'a t1): int =
        match a_6:'a t1 with
        | C (_, y_2:int) -> y_2:int
        end::int
    *)
    
    type 'a t2 = C2 of 'a
                 function C2 (_:'a) : 'a t2
                 | C3 of bool
                   function C3 (_:bool) : 'a t2
                 | C4 of int * 'a
                   function C4 (_:int * 'a) : 'a t2
         
    
    (*@ function gnr : 'a *)
    
    (*@ function g_2 (x_11:'a) (y_3:'a) (i_4:int): 'a *)
    
    (*@ function f_6 (x_12:'a t2): 'a =
        match x_12:'a t2 with
        | C2 x_13:'a -> x_13:'a
        | C3 b_3:bool -> (gnr ):'a
        | C4 (i_5:int, x_14:'a) -> (g_2  x_14:'a x_14:'a i_5:int):'a
        end::'a
    *)
    
    (*@ axiom ax1: forall x_15:'a214 t2 y_4:'a214 . (y_4:'a214 = (f_6 
    x_15:'a214 t2):'a214):prop *)
    
    val f_7 : int -> int -> int
    (*@ r:int = f_7 x_16:int y_5:int
        requires (((integer_of_int_1 
                 y_5:int):integer + 2:integer):integer < 0:integer):prop
                 requires ((integer_of_int_1 
                          x_16:int):integer > 0:integer):prop
        ensures ((integer_of_int_1  r:int):integer = ((integer_of_int_1 
                x_16:int):integer + (integer_of_int_1 
                y_5:int):integer):integer):prop*)
    
    type 'a t3 = A_1 of 
                 function A_1  : 'a t3
         
    
    (*@ function f (x_17:int): int t3 =
        (A_1 ):int t3 *)
    
    (*@ function integer_of_int (x_18:int): integer *)
    
    type t4 = A of 
              function A  : t4
              | B of 
                function B  : t4
         
    
    type 'a t5 = {x:int; y:'a}
              function constr#t5 (_:int) (_:'a) : 'a t5
              function x (_:'a t5) : int
              function y (_:'a t5) : 'a
         
    
    type 'a t6 = {xx:'a; yy:int}
              function constr#t6 (_:'a) (_:int) : 'a t6
              function xx (_:'a t6) : 'a
              function yy (_:'a t6) : int
         
    
    (*@ function g_3 (a_7:t4) (b_4:t4 t5): t4 t6 =
        match b_4:t4 t5 with
        | constr#t5 x_19:int A -> (constr#t6  (B ):t4 x_19:int):t4 t6
        | constr#t5 x_20:int B -> (constr#t6 
                                  (y  b_4:t4 t5):t4 (int_of_integer 
                                  10:integer):int):t4 t6
        end::t4 t6
    *)
    
    (*@ function g (a_8:t4) (b_5:t4 t5): t4 t6 =
        match b_5:t4 t5 with
        | constr#t5 x_21:int y_6:t4 -> (constr#t6  y_6:t4 x_21:int):t4 t6
        | constr#t5 x_22:int B -> (constr#t6 
                                  (y  b_5:t4 t5):t4 (int_of_integer 
                                  10:integer):int):t4 t6
        end::t4 t6
    *)


*** OK ***

