
*******************************
********** Parsed file ********
*******************************
type t

*******************************
****** GOSPEL translation *****
*******************************
(*@ open Gospelstdlib *)

type t
  

*******************************
********* Typed GOSPEL ********
*******************************
module test.mli

  Namespace: test.mli
    Type symbols
       t
      
    Logic Symbols
      
    Exception Symbols
      
    Namespaces
      
    Type Namespaces
      
  Signatures
    (*@ open Gospelstdlib *)
    
    type t
         


*** OK ***

